  Γû▓ Next.js 14.2.35
  - Environments: .env

   Linting and checking validity of types ...
Failed to compile.

./components/views/HRManagement.tsx:67:11
Type error: Property 'designation' does not exist on type 'Staff'.

  65 |         `${s.firstName} ${s.lastName}`.toLowerCase().includes(searchTerm.toLowerCase()) ||
  66 |         s.email?.toLowerCase().includes(searchTerm.toLowerCase()) ||
> 67 |         s.designation?.toLowerCase().includes(searchTerm.toLowerCase())
     |           ^
  68 |     );
  69 |
  70 |     return (
Next.js build worker exited with code: 1 and signal: null
